Testing Python simulation...
Created simulation
Running steps...
Generated 5 frames
Max amplitude: 5.014928e-06
